=== SDS Download Log 2026-06-01 22:10:18 mode=all ===
[NOTFOUND] 79200-56-9 | (-)-2-Azabicyclo[2.2.1]hept-5-en-3-one
[NOTFOUND] 5892-11-5 | (-)-Brucine dihydrate
[NOTFOUND] 39637-74-6 | (-)-Camphanic acid chloride
[NOTFOUND] 51-42-3 | (-)-Epinephrine (+) Bitartrate
[NOTFOUND] 55380-59-1 | (-)-N,N-Dimethylephedrinium bromide
[NOTFOUND] 2186-25-6 | ((m-Tolyloxy)methyl)oxirane
[NOTFOUND] 79-92-5 | (+)-Camphene
[NOTFOUND] 154-23-4 | (+)-Catechin
[NOTFOUND] 1446-61-3 | (+)-Dehydroabietylamine
[NOTFOUND] 7562-61-0 | (+)-usnic acid
[NOTFOUND] 93-56-1 | (+/-)-1-Phenyl-1,2-ethanediol
[NOTFOUND] 10191-41-0 | (+/-)-alpha-tocopherol
[NOTFOUND] 329-65-7 | (+/-)-Epinephrine
[NOTFOUND] 2169-64-4 | (−)-6-Azauridine 2′,3′,5′-triacetate
[NOTFOUND] 108-65-6 | (1-Methoxy-2-propyl) acetate
[NOTFOUND] 102-96-5 | (1-Nitro-2-phenyl)ethylene
[NOTFOUND] 65181-78-4 | (1,1'-Biphenyl)-4,4'-diamine, N,N'-bis(3-methylphenyl)-N,N'-diphenyl-
[NOTFOUND] 35963-20-3 | (1R)-(-)-Camphor-10-sulfonic acid
[NOTFOUND] 39262-22-1 | (1R)-(-)-Camphor-10-sulfonic acid chloride
[NOTFOUND] 7785-70-8 | (1R)-(+)-alpha-Pinene
[NOTFOUND] 7785-26-4 | (1S)-(-)-alpha-Pinene
[NOTFOUND] 18172-67-3 | (1S)-(-)-beta-Pinene
[NOTFOUND] 464-45-9 | (1S)-(-)-Borneol
[NOTFOUND] 464-48-2 | (1S)-(-)-Camphor
[NOTFOUND] 2767-84-2 | (1S)-(+)-camphorquinone
[NOTFOUND] 125224-62-6 | (1S)-2-Methyl-2,5-diazabicyclo[2.2.1]heptane dihydrobromide
[NOTFOUND] 2758-06-7 | (2-Bromoethyl)trimethylammonium bromide
[NOTFOUND] 84787-89-3 | (2-Dimethylamino-4-nitrophenyl)phosphoric acid diammonium salt monohydrate
[NOTFOUND] 7035-03-2 | (2-Methoxyphenyl)acetonitrile
[NOTFOUND] 120-23-0 | (2-Naphthoxy)acetic acid
[NOTFOUND] 93-76-5 | (2,4,5-Trichlorophenoxy) acetic acid
[NOTFOUND] 2217-15-4 | (2R,3R)-(+)-Diisopropyl tartrate
[NOTFOUND] 70987-78-9 | (2S)-(+)-Glycidyl tosylate
[NOTFOUND] 45021-77-0 | (3-Acrylamidopropyl)trimethylammonium chloride solution
[NOTFOUND] 6249-56-5 | (3-Carboxypropyl) trimethylammonium chloride
[NOTFOUND] 3327-22-8 | (3-Chloro-2-hydroxypropyl)trimethyl ammonium chloride
[NOTFOUND] 2530-87-2 | (3-Chloro-propyl)trimethoxysilane
[NOTFOUND] 19924-43-7 | (3-Methoxyphenyl)acetonitrile
[NOTFOUND] 76855-69-1 | (3S,4R)-4-Acetoxy-3-[(R)-1-(tert-butyldimethylsilyloxy)ethyl]azetidin-2-one
[NOTFOUND] 4511-42-6 | (3S)-cis-3,6-dimethyl-1,4-dioxan-2,5-dion
[NOTFOUND] 156-38-7 | (4-Hydroxyphenyl)acetic acid
[NOTFOUND] 104-47-2 | (4-Methoxyphenyl)acetonitrile
[NOTFOUND] 637-60-5 | (4-Methylphenyl)hydrazine monohydrochloride
[NOTFOUND] 555-21-5 | (4-Nitrophenyl)acetonitrile
[NOTFOUND] 10351-19-6 | (4-Pyridylthio)acetic acid
[NOTFOUND] 28920-43-6 | (9-Fluorenylmethyl) chloroformate
[NOTFOUND] 13881-91-9 | (Aminomethyl)sulfonic acid
[NOTFOUND] 95154-01-1 | (Benzothiazol-2-ylthio)succinic acid
[NOTFOUND] 1099-45-2 | (Carbethoxymethylene)triphenylphosphorane
[NOTFOUND] 85491-26-5 | (chloromethyl)bis(4-fluorophenyl)methylsilane
[NOTFOUND] 3724-43-4 | (Chloromethylene)dimethylammonium chloride
[NOTFOUND] 21548-32-3 | (DIETHOXYPHOSPHINYLIMINO)-1,3-DITHIETHANE
[NOTFOUND] 13389-42-9 | (E)-2-Octene
[NOTFOUND] 138124-32-0 | (R,R)-(-)-N,N'-bis(3,5-di-tertbutylsalicylidine)-1,2-cyclohexanediaminomanganese(III)chloride
[NOTFOUND] 42340-98-7 | (R)-(-)-1-(1-Naphthyl)ethyl isocyanate
[NOTFOUND] 2799-16-8 | (R)-(-)-1-Amino-2-propanol
[NOTFOUND] 13250-12-9 | (R)-(-)-2-Aminobutane
[NOTFOUND] 4221-98-1 | (R)-(-)-5-Isopropyl-2-methyl-1,3-cyclohexadiene
[NOTFOUND] 6485-40-1 | (R)-(-)-Carvone
[NOTFOUND] 3886-70-2 | (R)-(+)-1-(1-Naphthyl)ethylamine
[NOTFOUND] 1517-69-7 | (R)-(+)-1-Phenylethanol
[NOTFOUND] 33375-06-3 | (R)-(+)-1-Phenylethyl isocyanate
[NOTFOUND] 3886-69-9 | (R)-(+)-1-Phenylethylamine
[NOTFOUND] 18531-94-7 | (R)-(+)-1,1'-Bi-2-naphthol
[NOTFOUND] 15448-47-2 | (R)-(+)-1,2-Propylene oxide
[NOTFOUND] 7474-05-7 | (R)-(+)-2-Chloropropionic acid
[NOTFOUND] 20445-31-2 | (R)-(+)-alpha-Methoxy-alpha-trifluoromethylphenylacetic acid
[NOTFOUND] 5989-27-5 | (R)-(+)-Limonene
[NOTFOUND] 89-82-7 | (R)-(+)-Pulegone
[NOTFOUND] 20780-53-4 | (R)-(+)-Styrene oxide
[NOTFOUND] 16484-77-8 | (R)-2-(4-Chloro-2-methylphenoxy)propanoic acid
[NOTFOUND] 84918-96-7 | (R)-2-Chloro-3-methylbutyric acid
[NOTFOUND] 57044-25-4 | (R)-Oxiranemethanol
[NOTFOUND] 10420-89-0 | (S)-(-)-1-(1-Naphthyl)ethylamine
[NOTFOUND] 1445-91-6 | (S)-(-)-1-Phenylethanol
[NOTFOUND] 14649-03-7 | (S)-(-)-1-Phenylethyl isocyanate
[NOTFOUND] 2627-86-3 | (S)-(-)-1-Phenylethylamine
[NOTFOUND] 29617-66-1 | (S)-(-)-2-Chloropropionic acid
[NOTFOUND] 5989-54-8 | (S)-(-)-Limonene
[NOTFOUND] 73671-79-1 | (S)-(+)-1-(1-Naphtyl)ethyl isocyanate
[NOTFOUND] 2799-17-9 | (S)-(+)-1-Amino-2-propanol
[NOTFOUND] 5856-62-2 | (S)-(+)-2-Amino-1-butanol
[NOTFOUND] 6169-06-8 | (S)-(+)-2-Octanol
[NOTFOUND] 2244-16-8 | (S)-(+)-Carvone
[NOTFOUND] 36724-68-2 | (S)-(−)-N-(Trifluoroacetyl)pyrrolidine-2-carbonyl chloride solution
[NOTFOUND] 15295-77-9 | (S)-(−)-α-Amino-γ-butyrolactone hydrobromide
[NOTFOUND] 513-49-5 | (S)-2-Butanamine
[NOTFOUND] 26782-74-1 | (S)-2-Chloro-3-methylbutyric acid
[NOTFOUND] 77497-97-3 | (S)-3-Benzyloxycarbonyl-1,2,3,4-tetrahydroisoquinolinium p-toluenesulfonate
[NOTFOUND] 5543-57-7 | (S)-4-Hydroxy-3-(3-oxo-1-phenylbutyl)-2-benzopyrone
[NOTFOUND] 74227-35-3 | (Thiodi-1,4-phenylene)bis[diphenyl sulfonium]bishexafluorophosphate
[NOTFOUND] 89343-06-6 | (triisopropylsilyl) acetylene
[NOTFOUND] 2136-75-6 | (Triphenylphosphoranylidene)acetaldehyde
[NOTFOUND] 72287-26-4 | [1,1′-Bis(diphenylphosphino)ferrocene]dichloropalladium(II)
[NOTFOUND] 23564-06-9 | [1,2-Phenylenebis(iminocarbonothioyl)]biscarbamic acid diethyl ester
[NOTFOUND] 23513-14-6 | [6]-gingerol
[NOTFOUND] 448245-52-1 | 1 - Butyl - 3 - methylimidazolium dicyanamide
[NOTFOUND] 342789-81-5 | 1 - Butyl - 3 - methylimidazolium methanesulfonate
[NOTFOUND] 344790-87-0 | 1 - Butyl - 3 - methylimidazolium thiocyanate
[NOTFOUND] 24083-03-2 | 1-(2-Butoxypropoxy)propan-2-ol
[NOTFOUND] 39742-60-4 | 1-(2-Phenylethyl)-4-piperidinone
[NOTFOUND] 326-91-0 | 1-(2-Thenoyl)-3,3,3-trifluoroacetone
[NOTFOUND] 22572-40-3 | 1-(3-Dimethylaminopropyl)-3-ethylcarbodiimide methiodide
[NOTFOUND] 536-50-5 | 1-(p-tolyl)-ethanol
[NOTFOUND] 6224-91-5 | 1-(Trimethylsilyl)-propyne
[NOTFOUND] 591-08-2 | 1-Acetylthiourea
[NOTFOUND] 828-51-3 | 1-Adamantane carboxylic acid
[NOTFOUND] 4942-47-6 | 1-Adamantaneacetic acid
[NOTFOUND] 23074-42-2 | 1-Adamantanecarbonitrile
[NOTFOUND] 116-63-2 | 1-amino-2-naphthol-4-sulfonic acid
[NOTFOUND] 78-96-6 | 1-Amino-2-propanol
[NOTFOUND] 99-09-2 | 1-Amino-3-nitrobenzene
[NOTFOUND] 41365-75-7 | 1-Amino-3,3-diethoxypropane
[NOTFOUND] 6928-85-4 | 1-Amino-4-methylpiperazine
[NOTFOUND] 2827-56-7 | 1-Aminohydatoin hydrochloride
[NOTFOUND] 1606-67-3 | 1-Aminopyrene
[NOTFOUND] 95-15-8 | 1-Benzothiophene
[NOTFOUND] 18908-66-2 | 1-Bromo-2-ethylhexane
[NOTFOUND] 762-49-2 | 1-Bromo-2-fluoroethane
[NOTFOUND] 78-77-3 | 1-Bromo-2-methylpropane
[NOTFOUND] 19686-73-8 | 1-Bromo-2-propanol
[NOTFOUND] 6974-77-2 | 1-Bromo-3-chloro-2-methylpropane
[NOTFOUND] 60811-21-4 | 1-Bromo-3-chloro-4-fluorobenzene
[NOTFOUND] 108-37-2 | 1-Bromo-3-chlorobenzene
